gplink-2.2.37 (Jan 22 2024)
Map File - Created 2026-4-13  14:45:01
 
                                 Section Info
                  Section       Type    Address   Location Size(Bytes)
                ---------  ---------  ---------  ---------  ---------
                  STARTUP       code   00000000    program   0x000002
              code_timer1       code   0x000001    program   0x00000e
              c_interrupt       code   0x000008    program   0x000116
           code_MC30P6280       code   0x000093    program   0x000540
                   .cinit       code   0x000333    program   0x000094
              code_timer0       code   0x00037d    program   0x00000c
         ID_MC30P6280_2_i       code   0x000383    program   0x000008
         ID_MC30P6280_0_i       code   0x000387    program   0x000002
         ID_MC30P6280_1_i       code   0x000388    program   0x000002
         ID_MC30P6280_3_i       code   0x000389    program   0x000002
         ID_MC30P6280_4_i       code   0x00038a    program   0x000002
         ID_MC30P6280_5_i       code   0x00038b    program   0x000002
         ID_MC30P6280_6_i       code   0x00038c    program   0x000002
         ID_MC30P6280_7_i       code   0x00038d    program   0x000002
         ID_MC30P6280_8_i       code   0x00038e    program   0x000002
         ID_MC30P6280_9_i       code   0x00038f    program   0x000002
        ID_MC30P6280_10_i       code   0x000390    program   0x000002
        ID_MC30P6280_11_i       code   0x000391    program   0x000002
           ID_MC30P6280_2      idata   0x00002b       data   0x000004
           ID_MC30P6280_0      idata   0x000033       data   0x000001
           ID_MC30P6280_1      idata   0x000034       data   0x000001
           ID_MC30P6280_3      idata   0x000035       data   0x000001
           ID_MC30P6280_4      idata   0x000036       data   0x000001
           ID_MC30P6280_5      idata   0x000037       data   0x000001
           ID_MC30P6280_6      idata   0x000038       data   0x000001
           ID_MC30P6280_7      idata   0x000039       data   0x000001
           ID_MC30P6280_8      idata   0x00003a       data   0x000001
           ID_MC30P6280_9      idata   0x00003b       data   0x000001
          ID_MC30P6280_10      idata   0x00003c       data   0x000001
          ID_MC30P6280_11      idata   0x00003d       data   0x000001
       UD_abs_mc30p6280_0      udata   00000000       data   0x000001
       UD_abs_mc30p6280_1      udata   0x000001       data   0x000001
       UD_abs_mc30p6280_2      udata   0x000002       data   0x000001
       UD_abs_mc30p6280_3      udata   0x000003       data   0x000001
       UD_abs_mc30p6280_4      udata   0x000004       data   0x000001
       UD_abs_mc30p6280_6      udata   0x000006       data   0x000001
       UD_abs_mc30p6280_8      udata   0x000008       data   0x000001
       UD_abs_mc30p6280_9      udata   0x000009       data   0x000001
       UD_abs_mc30p6280_a      udata   0x00000a       data   0x000001
       UD_abs_mc30p6280_b      udata   0x00000b       data   0x000001
       UD_abs_mc30p6280_c      udata   0x00000c       data   0x000001
       UD_abs_mc30p6280_d      udata   0x00000d       data   0x000001
       UD_abs_mc30p6280_e      udata   0x00000e       data   0x000001
       UD_abs_mc30p6280_f      udata   0x00000f       data   0x000001
                sharebank      udata   0x000010       data   0x000007
          UDL_MC30P6280_0      udata   0x000017       data   0x000014
           UD_MC30P6280_0      udata   0x00002f       data   0x000001
           UD_MC30P6280_1      udata   0x000030       data   0x000001
           UD_MC30P6280_2      udata   0x000031       data   0x000001
           UD_MC30P6280_3      udata   0x000032       data   0x000001
      UD_abs_mc30p6280_41      udata   0x000041       data   0x000001
      UD_abs_mc30p6280_46      udata   0x000046       data   0x000001
      UD_abs_mc30p6280_4b      udata   0x00004b       data   0x000001
      UD_abs_mc30p6280_4c      udata   0x00004c       data   0x000001
      UD_abs_mc30p6280_4d      udata   0x00004d       data   0x000001
      UD_abs_mc30p6280_4e      udata   0x00004e       data   0x000001
      UD_abs_mc30p6280_4f      udata   0x00004f       data   0x000001
 
                              Program Memory Usage
                               Start         End
                           ---------   ---------
                            0x000387    0x000387
                            0x000388    0x000388
                            0x000383    0x000386
                            0x000389    0x000389
                            0x00038a    0x00038a
                            0x00038b    0x00038b
                            0x00038c    0x00038c
                            0x00038d    0x00038d
                            0x00038e    0x00038e
                            0x00038f    0x00038f
                            0x000390    0x000390
                            0x000391    0x000391
                            00000000    00000000
                            0x000008    0x000092
                            0x000093    0x000332
                            0x00037d    0x000382
                            0x000001    0x000007
                            0x000333    0x00037c
 
                            914 program addresses used
 
                              Symbols
                     Name    Address   Location    Storage File
                ---------  ---------  ---------  --------- ---------
                    STK06   0x000010       data     extern MC30P6280.asm
                    STK05   0x000011       data     extern MC30P6280.asm
                    STK04   0x000012       data     extern MC30P6280.asm
                    STK03   0x000013       data     extern MC30P6280.asm
                    STK02   0x000014       data     extern MC30P6280.asm
                    STK01   0x000015       data     extern MC30P6280.asm
                    STK00   0x000016       data     extern MC30P6280.asm
                    _abuf   0x00002f       data     extern MC30P6280.asm
               _statusbuf   0x000030       data     extern MC30P6280.asm
                   _flag1   0x000031       data     extern MC30P6280.asm
                       _i   0x000032       data     extern MC30P6280.asm
                  r0x101B   0x000017       data     static MC30P6280.asm
                  r0x101A   0x000018       data     static MC30P6280.asm
                  r0x1019   0x000019       data     static MC30P6280.asm
                  r0x1018   0x00001a       data     static MC30P6280.asm
                  r0x101C   0x00001b       data     static MC30P6280.asm
                  r0x101D   0x00001c       data     static MC30P6280.asm
                  r0x101E   0x00001d       data     static MC30P6280.asm
                  r0x101F   0x00001e       data     static MC30P6280.asm
                  r0x1022   0x00001f       data     static MC30P6280.asm
                  r0x1021   0x000020       data     static MC30P6280.asm
                  r0x1020   0x000021       data     static MC30P6280.asm
                  r0x1023   0x000022       data     static MC30P6280.asm
                  r0x1024   0x000023       data     static MC30P6280.asm
_lvd_scan_cur_lvd_lev_65536_22   0x000024       data     static MC30P6280.asm
_led_status_handle_cnt_65536_80   0x000025       data     static MC30P6280.asm
_led_refresh_sta_65536_103   0x000026       data     static MC30P6280.asm
  _int_isr_cnt_196608_119   0x000027       data     static MC30P6280.asm
  _int_isr_cnt_327680_124   0x000028       data     static MC30P6280.asm
  _int_isr_cnt_327680_127   0x00002a       data     static MC30P6280.asm
             _tmp_bat_lev   0x000033       data     extern MC30P6280.asm
                 _bat_lev   0x000034       data     extern MC30P6280.asm
             _pwr_off_cnt   0x00002b       data     extern MC30P6280.asm
      _into_low_power_cnt   0x000035       data     extern MC30P6280.asm
       _charge_anim_phase   0x000036       data     extern MC30P6280.asm
             _last_key_id   0x000037       data     static MC30P6280.asm
               _press_cnt   0x000038       data     static MC30P6280.asm
              _filter_cnt   0x000039       data     static MC30P6280.asm
           _filter_key_id   0x00003a       data     static MC30P6280.asm
         _click_delay_cnt   0x00003b       data     static MC30P6280.asm
               _click_cnt   0x00003c       data     static MC30P6280.asm
              _cur_key_id   0x00003d       data     extern MC30P6280.asm
         __sdcc_interrupt   0x000008    program     static MC30P6280.asm
                 _int_isr   0x000008    program     extern MC30P6280.asm
               _00704_DS_   0x00002a    program     static MC30P6280.asm
               _00596_DS_   0x000034    program     static MC30P6280.asm
               _00597_DS_   0x000038    program     static MC30P6280.asm
               _00705_DS_   0x000041    program     static MC30P6280.asm
               _00602_DS_   0x000050    program     static MC30P6280.asm
               _00608_DS_   0x000064    program     static MC30P6280.asm
               _00609_DS_   0x000066    program     static MC30P6280.asm
               _00613_DS_   0x000070    program     static MC30P6280.asm
               _00617_DS_   0x000071    program     static MC30P6280.asm
               _00619_DS_   0x000072    program     static MC30P6280.asm
               _00625_DS_   0x00007c    program     static MC30P6280.asm
               _00621_DS_   0x000080    program     static MC30P6280.asm
               _00627_DS_   0x00008e    program     static MC30P6280.asm
         END_OF_INTERRUPT   0x000092    program     static MC30P6280.asm
                    _main   0x000093    program     extern MC30P6280.asm
               _00553_DS_   0x000095    program     static MC30P6280.asm
               _00588_DS_   0x0000a5    program     static MC30P6280.asm
               _00551_DS_   0x0000a7    program     static MC30P6280.asm
               _00543_DS_   0x0000ab    program     static MC30P6280.asm
               _00556_DS_   0x0000c6    program     static MC30P6280.asm
               _00544_DS_   0x0000d5    program     static MC30P6280.asm
             _led_refresh   0x0000df    program     extern MC30P6280.asm
               _00538_DS_   0x0000ed    program     static MC30P6280.asm
               _00501_DS_   0x0000f1    program     static MC30P6280.asm
               _00503_DS_   0x0000f4    program     static MC30P6280.asm
               _00504_DS_   0x0000f7    program     static MC30P6280.asm
               _00506_DS_   0x0000fa    program     static MC30P6280.asm
               _00507_DS_   0x0000fd    program     static MC30P6280.asm
               _00509_DS_   0x000100    program     static MC30P6280.asm
               _00510_DS_   0x000103    program     static MC30P6280.asm
               _00512_DS_   0x000106    program     static MC30P6280.asm
               _00515_DS_   0x000107    program     static MC30P6280.asm
       _led_status_handle   0x000108    program     extern MC30P6280.asm
               _00365_DS_   0x000119    program     static MC30P6280.asm
               _00361_DS_   0x000125    program     static MC30P6280.asm
               _00357_DS_   0x000131    program     static MC30P6280.asm
               _00353_DS_   0x00013d    program     static MC30P6280.asm
               _00349_DS_   0x000149    program     static MC30P6280.asm
               _00382_DS_   0x00014d    program     static MC30P6280.asm
               _00496_DS_   0x00015a    program     static MC30P6280.asm
               _00367_DS_   0x00015e    program     static MC30P6280.asm
               _00368_DS_   0x000160    program     static MC30P6280.asm
               _00369_DS_   0x00016b    program     static MC30P6280.asm
               _00370_DS_   0x000176    program     static MC30P6280.asm
               _00371_DS_   0x000181    program     static MC30P6280.asm
               _00372_DS_   0x00018b    program     static MC30P6280.asm
               _00379_DS_   0x000191    program     static MC30P6280.asm
               _00376_DS_   0x000197    program     static MC30P6280.asm
               _00400_DS_   0x00019d    program     static MC30P6280.asm
               _00394_DS_   0x0001a8    program     static MC30P6280.asm
               _00391_DS_   0x0001b1    program     static MC30P6280.asm
               _00388_DS_   0x0001ba    program     static MC30P6280.asm
               _00385_DS_   0x0001c3    program     static MC30P6280.asm
               _00397_DS_   0x0001d1    program     static MC30P6280.asm
               _00404_DS_   0x0001d5    program     static MC30P6280.asm
                _key_scan   0x0001d6    program     extern MC30P6280.asm
               _00253_DS_   0x0001e0    program     static MC30P6280.asm
               _00255_DS_   0x0001ec    program     static MC30P6280.asm
               _00256_DS_   0x0001f3    program     static MC30P6280.asm
               _00339_DS_   0x0001f8    program     static MC30P6280.asm
               _00258_DS_   0x0001fc    program     static MC30P6280.asm
               _00260_DS_   0x000202    program     static MC30P6280.asm
               _00341_DS_   0x000207    program     static MC30P6280.asm
               _00262_DS_   0x00020d    program     static MC30P6280.asm
               _00283_DS_   0x000210    program     static MC30P6280.asm
               _00343_DS_   0x000221    program     static MC30P6280.asm
               _00265_DS_   0x00022f    program     static MC30P6280.asm
               _00269_DS_   0x000230    program     static MC30P6280.asm
               _00273_DS_   0x000232    program     static MC30P6280.asm
               _00280_DS_   0x000238    program     static MC30P6280.asm
               _00284_DS_   0x00023d    program     static MC30P6280.asm
               _00285_DS_   0x00023f    program     static MC30P6280.asm
                 _led4_on   0x000240    program     extern MC30P6280.asm
                 _led3_on   0x000245    program     extern MC30P6280.asm
                 _led2_on   0x00024a    program     extern MC30P6280.asm
                 _led1_on   0x00024f    program     extern MC30P6280.asm
             _led_all_off   0x000254    program     extern MC30P6280.asm
             _pen_pwr_off   0x000258    program     extern MC30P6280.asm
              _pen_pwr_on   0x00025c    program     extern MC30P6280.asm
               _user_init   0x00025f    program     extern MC30P6280.asm
                _delay_ms   0x00026f    program     extern MC30P6280.asm
               _00212_DS_   0x000276    program     static MC30P6280.asm
               _00209_DS_   0x000280    program     static MC30P6280.asm
               _00211_DS_   0x00028e    program     static MC30P6280.asm
               _00215_DS_   0x00029a    program     static MC30P6280.asm
                _Sys_Init   0x00029b    program     extern MC30P6280.asm
                _lvd_scan   0x0002a0    program     extern MC30P6280.asm
               _00200_DS_   0x0002ad    program     static MC30P6280.asm
               _00114_DS_   0x0002ba    program     static MC30P6280.asm
               _00115_DS_   0x0002c1    program     static MC30P6280.asm
               _00118_DS_   0x0002c7    program     static MC30P6280.asm
               _00119_DS_   0x0002ce    program     static MC30P6280.asm
               _00124_DS_   0x0002d9    program     static MC30P6280.asm
               _00125_DS_   0x0002e0    program     static MC30P6280.asm
               _00130_DS_   0x0002eb    program     static MC30P6280.asm
               _00131_DS_   0x0002f2    program     static MC30P6280.asm
               _00136_DS_   0x0002fd    program     static MC30P6280.asm
               _00137_DS_   0x000304    program     static MC30P6280.asm
               _00142_DS_   0x00030f    program     static MC30P6280.asm
               _00143_DS_   0x000316    program     static MC30P6280.asm
               _00149_DS_   0x000320    program     static MC30P6280.asm
                 _IO_Init   0x000321    program     extern MC30P6280.asm
                   _C_RAM   0x000329    program     extern MC30P6280.asm
     _code_MC30P6280_029D   0x000330    program     static MC30P6280.asm
             _timer0_init   0x00037d    program     extern timer0.asm
             _timer1_init   0x000001    program     extern timer1.asm
                _INDFbits   00000000       data     extern mc30p6280.asm
                    _INDF   00000000       data     extern mc30p6280.asm
               _T0CNTbits   0x000001       data     extern mc30p6280.asm
                   _T0CNT   0x000001       data     extern mc30p6280.asm
                 _PCLbits   0x000002       data     extern mc30p6280.asm
                     _PCL   0x000002       data     extern mc30p6280.asm
              _STATUSbits   0x000003       data     extern mc30p6280.asm
                  _STATUS   0x000003       data     extern mc30p6280.asm
                 _FSRbits   0x000004       data     extern mc30p6280.asm
                     _FSR   0x000004       data     extern mc30p6280.asm
                  _P1bits   0x000006       data     extern mc30p6280.asm
                      _P1   0x000006       data     extern mc30p6280.asm
                 _MCRbits   0x000008       data     extern mc30p6280.asm
                     _MCR   0x000008       data     extern mc30p6280.asm
              _P1KBCRbits   0x000009       data     extern mc30p6280.asm
                  _P1KBCR   0x000009       data     extern mc30p6280.asm
              _PCLATHbits   0x00000a       data     extern mc30p6280.asm
                  _PCLATH   0x00000a       data     extern mc30p6280.asm
               _PDCONbits   0x00000b       data     extern mc30p6280.asm
                   _PDCON   0x00000b       data     extern mc30p6280.asm
               _ODCONbits   0x00000c       data     extern mc30p6280.asm
                   _ODCON   0x00000c       data     extern mc30p6280.asm
               _PUCONbits   0x00000d       data     extern mc30p6280.asm
                   _PUCON   0x00000d       data     extern mc30p6280.asm
                _INTEbits   0x00000e       data     extern mc30p6280.asm
                    _INTE   0x00000e       data     extern mc30p6280.asm
                _INTFbits   0x00000f       data     extern mc30p6280.asm
                    _INTF   0x00000f       data     extern mc30p6280.asm
                _T0CRbits   0x000041       data     extern mc30p6280.asm
                    _T0CR   0x000041       data     extern mc30p6280.asm
                _DDR1bits   0x000046       data     extern mc30p6280.asm
                    _DDR1   0x000046       data     extern mc30p6280.asm
               _TMRCRbits   0x00004b       data     extern mc30p6280.asm
                   _TMRCR   0x00004b       data     extern mc30p6280.asm
                _T1CRbits   0x00004c       data     extern mc30p6280.asm
                    _T1CR   0x00004c       data     extern mc30p6280.asm
               _T1CNTbits   0x00004d       data     extern mc30p6280.asm
                   _T1CNT   0x00004d       data     extern mc30p6280.asm
              _T1LOADbits   0x00004e       data     extern mc30p6280.asm
                  _T1LOAD   0x00004e       data     extern mc30p6280.asm
              _T1DATAbits   0x00004f       data     extern mc30p6280.asm
                  _T1DATA   0x00004f       data     extern mc30p6280.asm
                   _cinit   0x000333    program     extern  
 
