gplink-2.2.37 (Jan 22 2024)
Map File - Created 2026-4-9  17:59:07
 
                                 Section Info
                  Section       Type    Address   Location Size(Bytes)
                ---------  ---------  ---------  ---------  ---------
                  STARTUP       code   00000000    program   0x000002
         ID_MC30P6280_0_i       code   0x000001    program   0x000002
         ID_MC30P6280_1_i       code   0x000002    program   0x000002
              c_interrupt       code   0x000008    program   0x000056
           code_MC30P6280       code   0x000033    program   0x000280
                   .cinit       code   0x000173    program   0x00001c
           ID_MC30P6280_0      idata   0x000032       data   0x000001
           ID_MC30P6280_1      idata   0x000033       data   0x000001
       UD_abs_mc30p6280_0      udata   00000000       data   0x000001
       UD_abs_mc30p6280_1      udata   0x000001       data   0x000001
       UD_abs_mc30p6280_2      udata   0x000002       data   0x000001
       UD_abs_mc30p6280_3      udata   0x000003       data   0x000001
       UD_abs_mc30p6280_4      udata   0x000004       data   0x000001
       UD_abs_mc30p6280_6      udata   0x000006       data   0x000001
       UD_abs_mc30p6280_8      udata   0x000008       data   0x000001
       UD_abs_mc30p6280_9      udata   0x000009       data   0x000001
       UD_abs_mc30p6280_a      udata   0x00000a       data   0x000001
       UD_abs_mc30p6280_b      udata   0x00000b       data   0x000001
       UD_abs_mc30p6280_c      udata   0x00000c       data   0x000001
       UD_abs_mc30p6280_d      udata   0x00000d       data   0x000001
       UD_abs_mc30p6280_e      udata   0x00000e       data   0x000001
       UD_abs_mc30p6280_f      udata   0x00000f       data   0x000001
                sharebank      udata   0x000010       data   0x000007
          UDL_MC30P6280_0      udata   0x000017       data   0x000017
           UD_MC30P6280_0      udata   0x00002e       data   0x000001
           UD_MC30P6280_1      udata   0x00002f       data   0x000001
           UD_MC30P6280_2      udata   0x000030       data   0x000001
           UD_MC30P6280_3      udata   0x000031       data   0x000001
      UD_abs_mc30p6280_41      udata   0x000041       data   0x000001
      UD_abs_mc30p6280_46      udata   0x000046       data   0x000001
      UD_abs_mc30p6280_4b      udata   0x00004b       data   0x000001
      UD_abs_mc30p6280_4c      udata   0x00004c       data   0x000001
      UD_abs_mc30p6280_4d      udata   0x00004d       data   0x000001
      UD_abs_mc30p6280_4e      udata   0x00004e       data   0x000001
      UD_abs_mc30p6280_4f      udata   0x00004f       data   0x000001
 
                              Program Memory Usage
                               Start         End
                           ---------   ---------
                            0x000001    0x000001
                            0x000002    0x000002
                            00000000    00000000
                            0x000008    0x000032
                            0x000033    0x000172
                            0x000173    0x000180
 
                            380 program addresses used
 
                              Symbols
                     Name    Address   Location    Storage File
                ---------  ---------  ---------  --------- ---------
                    STK06   0x000010       data     extern MC30P6280.asm
                    STK05   0x000011       data     extern MC30P6280.asm
                    STK04   0x000012       data     extern MC30P6280.asm
                    STK03   0x000013       data     extern MC30P6280.asm
                    STK02   0x000014       data     extern MC30P6280.asm
                    STK01   0x000015       data     extern MC30P6280.asm
                    STK00   0x000016       data     extern MC30P6280.asm
                    _abuf   0x00002e       data     extern MC30P6280.asm
               _statusbuf   0x00002f       data     extern MC30P6280.asm
                   _flag1   0x000030       data     extern MC30P6280.asm
                 _dev_sta   0x000031       data     extern MC30P6280.asm
                  r0x1014   0x000017       data     static MC30P6280.asm
                  r0x1013   0x000018       data     static MC30P6280.asm
                  r0x1012   0x000019       data     static MC30P6280.asm
                  r0x1011   0x00001a       data     static MC30P6280.asm
                  r0x1015   0x00001b       data     static MC30P6280.asm
                  r0x1016   0x00001c       data     static MC30P6280.asm
                  r0x1017   0x00001d       data     static MC30P6280.asm
                  r0x1018   0x00001e       data     static MC30P6280.asm
                  r0x1019   0x00001f       data     static MC30P6280.asm
_lvd_scan_cur_lvd_lev_65536_20   0x000020       data     static MC30P6280.asm
_key_scan_cur_key_id_65536_56   0x000021       data     static MC30P6280.asm
_key_scan_filter_cnt_65536_56   0x000022       data     static MC30P6280.asm
_key_scan_filter_key_id_65536_56   0x000023       data     static MC30P6280.asm
_key_scan_click_delay_cnt_65536_56   0x000024       data     static MC30P6280.asm
_key_scan_press_cnt_65536_56   0x000025       data     static MC30P6280.asm
_key_scan_click_cnt_65536_56   0x000026       data     static MC30P6280.asm
_key_scan_last_key_id_65536_56   0x000027       data     static MC30P6280.asm
_key_scan_flag_is_key_mode_hold_65536_56   0x000028       data     static MC30P6280.asm
_led_refresh_cnt_196608_75   0x000029       data     static MC30P6280.asm
   _int_isr_cnt_196608_86   0x00002b       data     static MC30P6280.asm
   _int_isr_cnt_327680_88   0x00002c       data     static MC30P6280.asm
             _tmp_bat_lev   0x000032       data     extern MC30P6280.asm
                 _bat_lev   0x000033       data     extern MC30P6280.asm
         __sdcc_interrupt   0x000008    program     static MC30P6280.asm
                 _int_isr   0x000008    program     extern MC30P6280.asm
               _00373_DS_   0x000022    program     static MC30P6280.asm
               _00339_DS_   0x000028    program     static MC30P6280.asm
               _00341_DS_   0x000029    program     static MC30P6280.asm
               _00344_DS_   0x00002e    program     static MC30P6280.asm
         END_OF_INTERRUPT   0x000032    program     static MC30P6280.asm
                    _main   0x000033    program     extern MC30P6280.asm
               _00331_DS_   0x000036    program     static MC30P6280.asm
             _led_refresh   0x000038    program     extern MC30P6280.asm
               _00325_DS_   0x000046    program     static MC30P6280.asm
               _00311_DS_   0x00004b    program     static MC30P6280.asm
                _key_scan   0x00004c    program     extern MC30P6280.asm
               _00231_DS_   0x000058    program     static MC30P6280.asm
               _00232_DS_   0x00005a    program     static MC30P6280.asm
               _00297_DS_   0x00005f    program     static MC30P6280.asm
               _00234_DS_   0x000063    program     static MC30P6280.asm
               _00236_DS_   0x000069    program     static MC30P6280.asm
               _00299_DS_   0x00006e    program     static MC30P6280.asm
               _00238_DS_   0x000074    program     static MC30P6280.asm
               _00253_DS_   0x000077    program     static MC30P6280.asm
               _00243_DS_   0x000085    program     static MC30P6280.asm
               _00250_DS_   0x00008b    program     static MC30P6280.asm
               _00254_DS_   0x000090    program     static MC30P6280.asm
               _00255_DS_   0x000092    program     static MC30P6280.asm
             _timer1_init   0x000093    program     extern MC30P6280.asm
             _timer0_init   0x000094    program     extern MC30P6280.asm
                 _led4_on   0x00009a    program     extern MC30P6280.asm
                 _led3_on   0x00009f    program     extern MC30P6280.asm
                 _led2_on   0x0000a4    program     extern MC30P6280.asm
                 _led1_on   0x0000a9    program     extern MC30P6280.asm
             _led_all_off   0x0000ae    program     extern MC30P6280.asm
             _pen_pwr_off   0x0000b2    program     extern MC30P6280.asm
              _pen_pwr_on   0x0000b4    program     extern MC30P6280.asm
               _user_init   0x0000b6    program     extern MC30P6280.asm
                _delay_ms   0x0000c5    program     extern MC30P6280.asm
               _00182_DS_   0x0000cc    program     static MC30P6280.asm
               _00179_DS_   0x0000d6    program     static MC30P6280.asm
               _00181_DS_   0x0000e4    program     static MC30P6280.asm
               _00185_DS_   0x0000f0    program     static MC30P6280.asm
                _Sys_Init   0x0000f1    program     extern MC30P6280.asm
                _lvd_scan   0x0000f6    program     extern MC30P6280.asm
               _00170_DS_   0x000101    program     static MC30P6280.asm
               _00114_DS_   0x00010e    program     static MC30P6280.asm
               _00115_DS_   0x000115    program     static MC30P6280.asm
               _00118_DS_   0x00011b    program     static MC30P6280.asm
               _00119_DS_   0x000122    program     static MC30P6280.asm
               _00122_DS_   0x000129    program     static MC30P6280.asm
               _00123_DS_   0x000130    program     static MC30P6280.asm
               _00126_DS_   0x000137    program     static MC30P6280.asm
               _00127_DS_   0x00013e    program     static MC30P6280.asm
               _00130_DS_   0x000145    program     static MC30P6280.asm
               _00131_DS_   0x00014c    program     static MC30P6280.asm
               _00134_DS_   0x000153    program     static MC30P6280.asm
               _00135_DS_   0x00015a    program     static MC30P6280.asm
               _00139_DS_   0x000160    program     static MC30P6280.asm
                 _IO_Init   0x000161    program     extern MC30P6280.asm
                   _C_RAM   0x000169    program     extern MC30P6280.asm
     _code_MC30P6280_013D   0x000170    program     static MC30P6280.asm
                _INDFbits   00000000       data     extern mc30p6280.asm
                    _INDF   00000000       data     extern mc30p6280.asm
               _T0CNTbits   0x000001       data     extern mc30p6280.asm
                   _T0CNT   0x000001       data     extern mc30p6280.asm
                 _PCLbits   0x000002       data     extern mc30p6280.asm
                     _PCL   0x000002       data     extern mc30p6280.asm
              _STATUSbits   0x000003       data     extern mc30p6280.asm
                  _STATUS   0x000003       data     extern mc30p6280.asm
                 _FSRbits   0x000004       data     extern mc30p6280.asm
                     _FSR   0x000004       data     extern mc30p6280.asm
                  _P1bits   0x000006       data     extern mc30p6280.asm
                      _P1   0x000006       data     extern mc30p6280.asm
                 _MCRbits   0x000008       data     extern mc30p6280.asm
                     _MCR   0x000008       data     extern mc30p6280.asm
              _P1KBCRbits   0x000009       data     extern mc30p6280.asm
                  _P1KBCR   0x000009       data     extern mc30p6280.asm
              _PCLATHbits   0x00000a       data     extern mc30p6280.asm
                  _PCLATH   0x00000a       data     extern mc30p6280.asm
               _PDCONbits   0x00000b       data     extern mc30p6280.asm
                   _PDCON   0x00000b       data     extern mc30p6280.asm
               _ODCONbits   0x00000c       data     extern mc30p6280.asm
                   _ODCON   0x00000c       data     extern mc30p6280.asm
               _PUCONbits   0x00000d       data     extern mc30p6280.asm
                   _PUCON   0x00000d       data     extern mc30p6280.asm
                _INTEbits   0x00000e       data     extern mc30p6280.asm
                    _INTE   0x00000e       data     extern mc30p6280.asm
                _INTFbits   0x00000f       data     extern mc30p6280.asm
                    _INTF   0x00000f       data     extern mc30p6280.asm
                _T0CRbits   0x000041       data     extern mc30p6280.asm
                    _T0CR   0x000041       data     extern mc30p6280.asm
                _DDR1bits   0x000046       data     extern mc30p6280.asm
                    _DDR1   0x000046       data     extern mc30p6280.asm
               _TMRCRbits   0x00004b       data     extern mc30p6280.asm
                   _TMRCR   0x00004b       data     extern mc30p6280.asm
                _T1CRbits   0x00004c       data     extern mc30p6280.asm
                    _T1CR   0x00004c       data     extern mc30p6280.asm
               _T1CNTbits   0x00004d       data     extern mc30p6280.asm
                   _T1CNT   0x00004d       data     extern mc30p6280.asm
              _T1LOADbits   0x00004e       data     extern mc30p6280.asm
                  _T1LOAD   0x00004e       data     extern mc30p6280.asm
              _T1DATAbits   0x00004f       data     extern mc30p6280.asm
                  _T1DATA   0x00004f       data     extern mc30p6280.asm
                   _cinit   0x000173    program     extern  
 
